{"success":true}
{"rc":0,"rc_str":"OK","rc_str_hr":"Success","recordsFiltered":1,"recordsTotal":1,"rsp":{"records":[{"additional_alerts":"Malformed packet [Score: 10], Remote to Remote [Score: 10]","alert_id":{"label":"<i class=\"fas fa-fw fa-exclamation\"></i> Unexpected DNS server fo…","value":"33"},"alert_name":"<i class=\"fas fa-fw fa-exclamation\"></i> Unexpected DNS server fo…","cli_role":{"label":"Is Attacker","tag_label":"Is Attacker","value":"attacker"},"count":1,"description":"Unexpected DNS server found: 127.0.0.1","duration":0,"family":"flow","flow":{"active_url":"/lua/flow_details.lua?flow_key=4261427416&flow_hash_id=0","cli_ip":{"label":"localhost","label_long":"localhost","reference":"<a href='/lua/host_details.lua?host=127.0.0.1' data-bs-toggle='tooltip' title=''><i class='fas fa-laptop'></i></a>","value":"127.0.0.1"},"cli_port":"50435","srv_ip":{"label":"localhost","label_long":"localhost","reference":"<a href='/lua/host_details.lua?host=127.0.0.1' data-bs-toggle='tooltip' title=''><i class='fas fa-laptop'></i></a>","value":"127.0.0.1"},"srv_port":"53"},"l7_proto":{"label":"UDP:DNS","value":"5"},"msg":{"configset_ref":" <a href=\"/lua/admin/edit_configset.lua?subdir=flow&check=unexpected_dns#all\"><i class=\"fas fa-cog\" title=\"Edit Configuration\"></i></a>","description":"Unexpected DNS server found: 127.0.0.1","fullname":"Unexpected DNS server found","name":"Unexpected DNS server fo…","value":33},"proto":{"label":"UDP","value":"17"},"row_id":"1","score":{"color":"#ff3231","label":"120","value":120},"script_key":"unexpected_dns","severity":{"color":"#ff3231","label":"<i class='fas fa-fw fa-exclamation-triangle text-danger' style='color: #ff3231!important' title='Error'></i> ","value":5},"tstamp":{"highlight":"#ff3231","label":"10:33:34","value":1628066014},"vlan_id":"0"}]}}
