{"success":true}
{"rc":0,"rc_str":"OK","rc_str_hr":"Success","recordsFiltered":1001,"recordsTotal":1001,"rsp":{"records":[{"cli_asn":{"label":"No ASN","title":"No ASN","value":0},"cli_port":36051,"client":{"label":"172.16.0.8","reference":"<a href='/lua/host_details.lua?host=172.16.0.8' data-bs-toggle='tooltip' title=''><i class='fas fa-laptop'></i></a>","title":"172.16.0.8","value":"172.16.0.8"},"dst2src_tcp_flags":{"label":"","title":0,"value":0},"dst_asn":11404,"dst_label":"","extract_flow_info":"<a href='#' onclick='extractFlowsTxt({\"ts_schema\":\"host:traffic\",\"version\":4,\"epoch_end\":1627916927,\"epoch_begin\":1627916915,\"ts_query\":\"port:36051,host:172.16.0.8,port2:1066,host2:64.13.134.52,l4_proto:TCP\"}); return false;'><i class='fas fa-file' title='Export flows as TXT file'></i></a>","first_seen":"02/08/21 17:08:35","flow_risk":{"label":"No risk","title":"No risk","value":0},"info":{"label":"","title":""},"ip_address":"172.16.0.8","l7cat":{"label":"Unspecified","title":"Unspecified","value":0},"l7proto":{"label":"Unknown","title":"Unknown","value":0},"l7proto_master":{"label":"Unknown","title":"Unknown","value":0},"last_seen":"02/08/21 17:08:47","observation_point_id":{"label":"","title":"","value":0},"packets":3,"probe_ip":{"label":"","title":"","value":"0.0.0.0"},"proto":{"label":"TCP","title":"TCP","value":6},"score":{"color":"#5cd65c","label":"10","value":10},"server":{"label":"64.13.134.52","reference":"<a href='/lua/host_details.lua?host=64.13.134.52' data-bs-toggle='tooltip' title=''><i class='fas fa-laptop'></i></a>","title":"64.13.134.52","value":"64.13.134.52"},"src2dst_dscp":{"label":"Best Effort (CS0)","title":"Best Effort (CS0)","value":0},"src2dst_tcp_flags":{"label":"<span class=\"badge bg-info\"    title=\"SYN\">S</span> ","title":2,"value":2},"src_asn":0,"src_label":"","srv_asn":{"label":"11404 (Wave Bro…)","title":"Wave Broadband","value":11404},"srv_port":1066,"status":{"label":"Remote to Remote","title":"Remote to Remote","value":16},"throughput":"110.77 bit/s","traffic":"180 Bytes","vlan":"","vlan_id":{"label":"","title":0,"value":0}},{"cli_asn":{"label":"No ASN","title":"No ASN","value":0},"cli_port":36050,"client":{"label":"172.16.0.8","reference":"<a href='/lua/host_details.lua?host=172.16.0.8' data-bs-toggle='tooltip' title=''><i class='fas fa-laptop'></i></a>","title":"172.16.0.8","value":"172.16.0.8"},"dst2src_tcp_flags":{"label":"","title":0,"value":0},"dst_asn":11404,"dst_label":"","extract_flow_info":"<a href='#' onclick='extractFlowsTxt({\"ts_schema\":\"host:traffic\",\"version\":4,\"epoch_end\":1627916927,\"epoch_begin\":1627916915,\"ts_query\":\"port:36050,host:172.16.0.8,port2:1067,host2:64.13.134.52,l4_proto:TCP\"}); return false;'><i class='fas fa-file' title='Export flows as TXT file'></i></a>","first_seen":"02/08/21 17:08:35","flow_risk":{"label":"No risk","title":"No risk","value":0},"info":{"label":"","title":""},"ip_address":"172.16.0.8","l7cat":{"label":"Unspecified","title":"Unspecified","value":0},"l7proto":{"label":"Unknown","title":"Unknown","value":0},"l7proto_master":{"label":"Unknown","title":"Unknown","value":0},"last_seen":"02/08/21 17:08:47","observation_point_id":{"label":"","title":"","value":0},"packets":3,"probe_ip":{"label":"","title":"","value":"0.0.0.0"},"proto":{"label":"TCP","title":"TCP","value":6},"score":{"color":"#5cd65c","label":"10","value":10},"server":{"label":"64.13.134.52","reference":"<a href='/lua/host_details.lua?host=64.13.134.52' data-bs-toggle='tooltip' title=''><i class='fas fa-laptop'></i></a>","title":"64.13.134.52","value":"64.13.134.52"},"src2dst_dscp":{"label":"Best Effort (CS0)","title":"Best Effort (CS0)","value":0},"src2dst_tcp_flags":{"label":"<span class=\"badge bg-info\"    title=\"SYN\">S</span> ","title":2,"value":2},"src_asn":0,"src_label":"","srv_asn":{"label":"11404 (Wave Bro…)","title":"Wave Broadband","value":11404},"srv_port":1067,"status":{"label":"Remote to Remote","title":"Remote to Remote","value":16},"throughput":"110.77 bit/s","traffic":"180 Bytes","vlan":"","vlan_id":{"label":"","title":0,"value":0}},{"cli_asn":{"label":"No ASN","title":"No ASN","value":0},"cli_port":36051,"client":{"label":"172.16.0.8","reference":"<a href='/lua/host_details.lua?host=172.16.0.8' data-bs-toggle='tooltip' title=''><i class='fas fa-laptop'></i></a>","title":"172.16.0.8","value":"172.16.0.8"},"dst2src_tcp_flags":{"label":"","title":0,"value":0},"dst_asn":11404,"dst_label":"","extract_flow_info":"<a href='#' onclick='extractFlowsTxt({\"ts_schema\":\"host:traffic\",\"version\":4,\"epoch_end\":1627916927,\"epoch_begin\":1627916915,\"ts_query\":\"port:36051,host:172.16.0.8,port2:1322,host2:64.13.134.52,l4_proto:TCP\"}); return false;'><i class='fas fa-file' title='Export flows as TXT file'></i></a>","first_seen":"02/08/21 17:08:35","flow_risk":{"label":"No risk","title":"No risk","value":0},"info":{"label":"","title":""},"ip_address":"172.16.0.8","l7cat":{"label":"Unspecified","title":"Unspecified","value":0},"l7proto":{"label":"Unknown","title":"Unknown","value":0},"l7proto_master":{"label":"Unknown","title":"Unknown","value":0},"last_seen":"02/08/21 17:08:47","observation_point_id":{"label":"","title":"","value":0},"packets":3,"probe_ip":{"label":"","title":"","value":"0.0.0.0"},"proto":{"label":"TCP","title":"TCP","value":6},"score":{"color":"#5cd65c","label":"10","value":10},"server":{"label":"64.13.134.52","reference":"<a href='/lua/host_details.lua?host=64.13.134.52' data-bs-toggle='tooltip' title=''><i class='fas fa-laptop'></i></a>","title":"64.13.134.52","value":"64.13.134.52"},"src2dst_dscp":{"label":"Best Effort (CS0)","title":"Best Effort (CS0)","value":0},"src2dst_tcp_flags":{"label":"<span class=\"badge bg-info\"    title=\"SYN\">S</span> ","title":2,"value":2},"src_asn":0,"src_label":"","srv_asn":{"label":"11404 (Wave Bro…)","title":"Wave Broadband","value":11404},"srv_port":1322,"status":{"label":"Remote to Remote","title":"Remote to Remote","value":16},"throughput":"110.77 bit/s","traffic":"180 Bytes","vlan":"","vlan_id":{"label":"","title":0,"value":0}},{"cli_asn":{"label":"No ASN","title":"No ASN","value":0},"cli_port":36051,"client":{"label":"172.16.0.8","reference":"<a href='/lua/host_details.lua?host=172.16.0.8' data-bs-toggle='tooltip' title=''><i class='fas fa-laptop'></i></a>","title":"172.16.0.8","value":"172.16.0.8"},"dst2src_tcp_flags":{"label":"","title":0,"value":0},"dst_asn":11404,"dst_label":"","extract_flow_info":"<a href='#' onclick='extractFlowsTxt({\"ts_schema\":\"host:traffic\",\"version\":4,\"epoch_end\":1627916927,\"epoch_begin\":1627916915,\"ts_query\":\"port:36051,host:172.16.0.8,port2:2602,host2:64.13.134.52,l4_proto:TCP\"}); return false;'><i class='fas fa-file' title='Export flows as TXT file'></i></a>","first_seen":"02/08/21 17:08:35","flow_risk":{"label":"No risk","title":"No risk","value":0},"info":{"label":"","title":""},"ip_address":"172.16.0.8","l7cat":{"label":"Unspecified","title":"Unspecified","value":0},"l7proto":{"label":"Unknown","title":"Unknown","value":0},"l7proto_master":{"label":"Unknown","title":"Unknown","value":0},"last_seen":"02/08/21 17:08:47","observation_point_id":{"label":"","title":"","value":0},"packets":3,"probe_ip":{"label":"","title":"","value":"0.0.0.0"},"proto":{"label":"TCP","title":"TCP","value":6},"score":{"color":"#5cd65c","label":"10","value":10},"server":{"label":"64.13.134.52","reference":"<a href='/lua/host_details.lua?host=64.13.134.52' data-bs-toggle='tooltip' title=''><i class='fas fa-laptop'></i></a>","title":"64.13.134.52","value":"64.13.134.52"},"src2dst_dscp":{"label":"Best Effort (CS0)","title":"Best Effort (CS0)","value":0},"src2dst_tcp_flags":{"label":"<span class=\"badge bg-info\"    title=\"SYN\">S</span> ","title":2,"value":2},"src_asn":0,"src_label":"","srv_asn":{"label":"11404 (Wave Bro…)","title":"Wave Broadband","value":11404},"srv_port":2602,"status":{"label":"Remote to Remote","title":"Remote to Remote","value":16},"throughput":"110.77 bit/s","traffic":"180 Bytes","vlan":"","vlan_id":{"label":"","title":0,"value":0}},{"cli_asn":{"label":"No ASN","title":"No ASN","value":0},"cli_port":36050,"client":{"label":"172.16.0.8","reference":"<a href='/lua/host_details.lua?host=172.16.0.8' data-bs-toggle='tooltip' title=''><i class='fas fa-laptop'></i></a>","title":"172.16.0.8","value":"172.16.0.8"},"dst2src_tcp_flags":{"label":"","title":0,"value":0},"dst_asn":11404,"dst_label":"","extract_flow_info":"<a href='#' onclick='extractFlowsTxt({\"ts_schema\":\"host:traffic\",\"version\":4,\"epoch_end\":1627916927,\"epoch_begin\":1627916915,\"ts_query\":\"port:36050,host:172.16.0.8,port2:3371,host2:64.13.134.52,l4_proto:TCP\"}); return false;'><i class='fas fa-file' title='Export flows as TXT file'></i></a>","first_seen":"02/08/21 17:08:35","flow_risk":{"label":"No risk","title":"No risk","value":0},"info":{"label":"","title":""},"ip_address":"172.16.0.8","l7cat":{"label":"Unspecified","title":"Unspecified","value":0},"l7proto":{"label":"Unknown","title":"Unknown","value":0},"l7proto_master":{"label":"Unknown","title":"Unknown","value":0},"last_seen":"02/08/21 17:08:47","observation_point_id":{"label":"","title":"","value":0},"packets":3,"probe_ip":{"label":"","title":"","value":"0.0.0.0"},"proto":{"label":"TCP","title":"TCP","value":6},"score":{"color":"#5cd65c","label":"10","value":10},"server":{"label":"64.13.134.52","reference":"<a href='/lua/host_details.lua?host=64.13.134.52' data-bs-toggle='tooltip' title=''><i class='fas fa-laptop'></i></a>","title":"64.13.134.52","value":"64.13.134.52"},"src2dst_dscp":{"label":"Best Effort (CS0)","title":"Best Effort (CS0)","value":0},"src2dst_tcp_flags":{"label":"<span class=\"badge bg-info\"    title=\"SYN\">S</span> ","title":2,"value":2},"src_asn":0,"src_label":"","srv_asn":{"label":"11404 (Wave Bro…)","title":"Wave Broadband","value":11404},"srv_port":3371,"status":{"label":"Remote to Remote","title":"Remote to Remote","value":16},"throughput":"110.77 bit/s","traffic":"180 Bytes","vlan":"","vlan_id":{"label":"","title":0,"value":0}},{"cli_asn":{"label":"No ASN","title":"No ASN","value":0},"cli_port":36051,"client":{"label":"172.16.0.8","reference":"<a href='/lua/host_details.lua?host=172.16.0.8' data-bs-toggle='tooltip' title=''><i class='fas fa-laptop'></i></a>","title":"172.16.0.8","value":"172.16.0.8"},"dst2src_tcp_flags":{"label":"","title":0,"value":0},"dst_asn":11404,"dst_label":"","extract_flow_info":"<a href='#' onclick='extractFlowsTxt({\"ts_schema\":\"host:traffic\",\"version\":4,\"epoch_end\":1627916927,\"epoch_begin\":1627916915,\"ts_query\":\"port:36051,host:172.16.0.8,port2:3370,host2:64.13.134.52,l4_proto:TCP\"}); return false;'><i class='fas fa-file' title='Export flows as TXT file'></i></a>","first_seen":"02/08/21 17:08:35","flow_risk":{"label":"No risk","title":"No risk","value":0},"info":{"label":"","title":""},"ip_address":"172.16.0.8","l7cat":{"label":"Unspecified","title":"Unspecified","value":0},"l7proto":{"label":"Unknown","title":"Unknown","value":0},"l7proto_master":{"label":"Unknown","title":"Unknown","value":0},"last_seen":"02/08/21 17:08:47","observation_point_id":{"label":"","title":"","value":0},"packets":3,"probe_ip":{"label":"","title":"","value":"0.0.0.0"},"proto":{"label":"TCP","title":"TCP","value":6},"score":{"color":"#5cd65c","label":"10","value":10},"server":{"label":"64.13.134.52","reference":"<a href='/lua/host_details.lua?host=64.13.134.52' data-bs-toggle='tooltip' title=''><i class='fas fa-laptop'></i></a>","title":"64.13.134.52","value":"64.13.134.52"},"src2dst_dscp":{"label":"Best Effort (CS0)","title":"Best Effort (CS0)","value":0},"src2dst_tcp_flags":{"label":"<span class=\"badge bg-info\"    title=\"SYN\">S</span> ","title":2,"value":2},"src_asn":0,"src_label":"","srv_asn":{"label":"11404 (Wave Bro…)","title":"Wave Broadband","value":11404},"srv_port":3370,"status":{"label":"Remote to Remote","title":"Remote to Remote","value":16},"throughput":"110.77 bit/s","traffic":"180 Bytes","vlan":"","vlan_id":{"label":"","title":0,"value":0}},{"cli_asn":{"label":"No ASN","title":"No ASN","value":0},"cli_port":36051,"client":{"label":"172.16.0.8","reference":"<a href='/lua/host_details.lua?host=172.16.0.8' data-bs-toggle='tooltip' title=''><i class='fas fa-laptop'></i></a>","title":"172.16.0.8","value":"172.16.0.8"},"dst2src_tcp_flags":{"label":"","title":0,"value":0},"dst_asn":11404,"dst_label":"","extract_flow_info":"<a href='#' onclick='extractFlowsTxt({\"ts_schema\":\"host:traffic\",\"version\":4,\"epoch_end\":1627916927,\"epoch_begin\":1627916915,\"ts_query\":\"port:36051,host:172.16.0.8,port2:5802,host2:64.13.134.52,l4_proto:TCP\"}); return false;'><i class='fas fa-file' title='Export flows as TXT file'></i></a>","first_seen":"02/08/21 17:08:35","flow_risk":{"label":"No risk","title":"No risk","value":0},"info":{"label":"","title":""},"ip_address":"172.16.0.8","l7cat":{"label":"Unspecified","title":"Unspecified","value":0},"l7proto":{"label":"Unknown","title":"Unknown","value":0},"l7proto_master":{"label":"Unknown","title":"Unknown","value":0},"last_seen":"02/08/21 17:08:47","observation_point_id":{"label":"","title":"","value":0},"packets":3,"probe_ip":{"label":"","title":"","value":"0.0.0.0"},"proto":{"label":"TCP","title":"TCP","value":6},"score":{"color":"#5cd65c","label":"10","value":10},"server":{"label":"64.13.134.52","reference":"<a href='/lua/host_details.lua?host=64.13.134.52' data-bs-toggle='tooltip' title=''><i class='fas fa-laptop'></i></a>","title":"64.13.134.52","value":"64.13.134.52"},"src2dst_dscp":{"label":"Best Effort (CS0)","title":"Best Effort (CS0)","value":0},"src2dst_tcp_flags":{"label":"<span class=\"badge bg-info\"    title=\"SYN\">S</span> ","title":2,"value":2},"src_asn":0,"src_label":"","srv_asn":{"label":"11404 (Wave Bro…)","title":"Wave Broadband","value":11404},"srv_port":5802,"status":{"label":"Remote to Remote","title":"Remote to Remote","value":16},"throughput":"110.77 bit/s","traffic":"180 Bytes","vlan":"","vlan_id":{"label":"","title":0,"value":0}},{"cli_asn":{"label":"No ASN","title":"No ASN","value":0},"cli_port":36050,"client":{"label":"172.16.0.8","reference":"<a href='/lua/host_details.lua?host=172.16.0.8' data-bs-toggle='tooltip' title=''><i class='fas fa-laptop'></i></a>","title":"172.16.0.8","value":"172.16.0.8"},"dst2src_tcp_flags":{"label":"","title":0,"value":0},"dst_asn":11404,"dst_label":"","extract_flow_info":"<a href='#' onclick='extractFlowsTxt({\"ts_schema\":\"host:traffic\",\"version\":4,\"epoch_end\":1627916927,\"epoch_begin\":1627916915,\"ts_query\":\"port:36050,host:172.16.0.8,port2:6059,host2:64.13.134.52,l4_proto:TCP\"}); return false;'><i class='fas fa-file' title='Export flows as TXT file'></i></a>","first_seen":"02/08/21 17:08:35","flow_risk":{"label":"No risk","title":"No risk","value":0},"info":{"label":"","title":""},"ip_address":"172.16.0.8","l7cat":{"label":"Unspecified","title":"Unspecified","value":0},"l7proto":{"label":"Unknown","title":"Unknown","value":0},"l7proto_master":{"label":"Unknown","title":"Unknown","value":0},"last_seen":"02/08/21 17:08:47","observation_point_id":{"label":"","title":"","value":0},"packets":3,"probe_ip":{"label":"","title":"","value":"0.0.0.0"},"proto":{"label":"TCP","title":"TCP","value":6},"score":{"color":"#5cd65c","label":"10","value":10},"server":{"label":"64.13.134.52","reference":"<a href='/lua/host_details.lua?host=64.13.134.52' data-bs-toggle='tooltip' title=''><i class='fas fa-laptop'></i></a>","title":"64.13.134.52","value":"64.13.134.52"},"src2dst_dscp":{"label":"Best Effort (CS0)","title":"Best Effort (CS0)","value":0},"src2dst_tcp_flags":{"label":"<span class=\"badge bg-info\"    title=\"SYN\">S</span> ","title":2,"value":2},"src_asn":0,"src_label":"","srv_asn":{"label":"11404 (Wave Bro…)","title":"Wave Broadband","value":11404},"srv_port":6059,"status":{"label":"Remote to Remote","title":"Remote to Remote","value":16},"throughput":"110.77 bit/s","traffic":"180 Bytes","vlan":"","vlan_id":{"label":"","title":0,"value":0}},{"cli_asn":{"label":"No ASN","title":"No ASN","value":0},"cli_port":36050,"client":{"label":"172.16.0.8","reference":"<a href='/lua/host_details.lua?host=172.16.0.8' data-bs-toggle='tooltip' title=''><i class='fas fa-laptop'></i></a>","title":"172.16.0.8","value":"172.16.0.8"},"dst2src_tcp_flags":{"label":"","title":0,"value":0},"dst_asn":11404,"dst_label":"","extract_flow_info":"<a href='#' onclick='extractFlowsTxt({\"ts_schema\":\"host:traffic\",\"version\":4,\"epoch_end\":1627916927,\"epoch_begin\":1627916915,\"ts_query\":\"port:36050,host:172.16.0.8,port2:6699,host2:64.13.134.52,l4_proto:TCP\"}); return false;'><i class='fas fa-file' title='Export flows as TXT file'></i></a>","first_seen":"02/08/21 17:08:35","flow_risk":{"label":"No risk","title":"No risk","value":0},"info":{"label":"","title":""},"ip_address":"172.16.0.8","l7cat":{"label":"Unspecified","title":"Unspecified","value":0},"l7proto":{"label":"Unknown","title":"Unknown","value":0},"l7proto_master":{"label":"Unknown","title":"Unknown","value":0},"last_seen":"02/08/21 17:08:47","observation_point_id":{"label":"","title":"","value":0},"packets":3,"probe_ip":{"label":"","title":"","value":"0.0.0.0"},"proto":{"label":"TCP","title":"TCP","value":6},"score":{"color":"#5cd65c","label":"10","value":10},"server":{"label":"64.13.134.52","reference":"<a href='/lua/host_details.lua?host=64.13.134.52' data-bs-toggle='tooltip' title=''><i class='fas fa-laptop'></i></a>","title":"64.13.134.52","value":"64.13.134.52"},"src2dst_dscp":{"label":"Best Effort (CS0)","title":"Best Effort (CS0)","value":0},"src2dst_tcp_flags":{"label":"<span class=\"badge bg-info\"    title=\"SYN\">S</span> ","title":2,"value":2},"src_asn":0,"src_label":"","srv_asn":{"label":"11404 (Wave Bro…)","title":"Wave Broadband","value":11404},"srv_port":6699,"status":{"label":"Remote to Remote","title":"Remote to Remote","value":16},"throughput":"110.77 bit/s","traffic":"180 Bytes","vlan":"","vlan_id":{"label":"","title":0,"value":0}},{"cli_asn":{"label":"No ASN","title":"No ASN","value":0},"cli_port":36051,"client":{"label":"172.16.0.8","reference":"<a href='/lua/host_details.lua?host=172.16.0.8' data-bs-toggle='tooltip' title=''><i class='fas fa-laptop'></i></a>","title":"172.16.0.8","value":"172.16.0.8"},"dst2src_tcp_flags":{"label":"","title":0,"value":0},"dst_asn":11404,"dst_label":"","extract_flow_info":"<a href='#' onclick='extractFlowsTxt({\"ts_schema\":\"host:traffic\",\"version\":4,\"epoch_end\":1627916927,\"epoch_begin\":1627916915,\"ts_query\":\"port:36051,host:172.16.0.8,port2:9002,host2:64.13.134.52,l4_proto:TCP\"}); return false;'><i class='fas fa-file' title='Export flows as TXT file'></i></a>","first_seen":"02/08/21 17:08:35","flow_risk":{"label":"No risk","title":"No risk","value":0},"info":{"label":"","title":""},"ip_address":"172.16.0.8","l7cat":{"label":"Unspecified","title":"Unspecified","value":0},"l7proto":{"label":"Unknown","title":"Unknown","value":0},"l7proto_master":{"label":"Unknown","title":"Unknown","value":0},"last_seen":"02/08/21 17:08:47","observation_point_id":{"label":"","title":"","value":0},"packets":3,"probe_ip":{"label":"","title":"","value":"0.0.0.0"},"proto":{"label":"TCP","title":"TCP","value":6},"score":{"color":"#5cd65c","label":"10","value":10},"server":{"label":"64.13.134.52","reference":"<a href='/lua/host_details.lua?host=64.13.134.52' data-bs-toggle='tooltip' title=''><i class='fas fa-laptop'></i></a>","title":"64.13.134.52","value":"64.13.134.52"},"src2dst_dscp":{"label":"Best Effort (CS0)","title":"Best Effort (CS0)","value":0},"src2dst_tcp_flags":{"label":"<span class=\"badge bg-info\"    title=\"SYN\">S</span> ","title":2,"value":2},"src_asn":0,"src_label":"","srv_asn":{"label":"11404 (Wave Bro…)","title":"Wave Broadband","value":11404},"srv_port":9002,"status":{"label":"Remote to Remote","title":"Remote to Remote","value":16},"throughput":"110.77 bit/s","traffic":"180 Bytes","vlan":"","vlan_id":{"label":"","title":0,"value":0}}],"stats":{"num_records_processed":"Processed 1,001 records [100,100 records/sec]","query_duration_msec":10}}}
