{"success":true}
{"rc":0,"rc_str":"OK","rc_str_hr":"Success","recordsFiltered":2,"recordsTotal":2,"rsp":{"records":[{"alert_id":{"label":"<i class=\"fas fa-fw fa-life-ring\"></i> TCP SYN Scan","value":5},"alert_name":"<i class=\"fas fa-fw fa-life-ring\"></i> TCP SYN Scan","count":1,"description":"172.16.0.8 is a SYN scan attacker [1988 &gt; 256 SYN sent]","duration":7,"family":"host","ip":{"label":"172.16.0.8","label_long":"172.16.0.8","reference":"<a href='/lua/host_details.lua?host=172.16.0.8' data-bs-toggle='tooltip' title=''><i class='fas fa-laptop'></i></a>","shown_label":"172.16.0.8","value":"172.16.0.8"},"is_attacker":"<i class=\"fas fa-skull\"></i>","is_client":"<i class=\"fas fa-long-arrow-alt-right\"></i>","is_server":"","is_victim":"","link_to_past_flows":"/lua/pro/nindex_query.lua?epoch_begin=1628079299&epoch_end=1628079606&dst2src_tcp_flags=2;nin&cli_ip=172.16.0.8;eq&l4proto=TCP;eq&src2dst_tcp_flags=2;in","msg":{"configset_ref":" <a href=\"/lua/admin/edit_configset.lua?subdir=host&check=syn_scan#all\"><i class=\"fas fa-cog\" title=\"Edit Configuration\"></i></a>","description":"172.16.0.8 is a SYN scan attacker [1988 &gt; 256 SYN sent]","fullname":"TCP SYN Scan","name":"TCP SYN Scan","value":5},"role":{"label":"Is Attacker","value":"attacker"},"role_cli_srv":{"label":"Client","value":"client"},"score":{"color":"#ffc007","label":"50","value":50},"script_key":"syn_scan","severity":{"color":"#ffc007","label":"<i class='fas fa-fw fa-exclamation-triangle text-warning' style='color: #ffc007!important' title='Warning'></i> ","value":4},"tstamp":{"highlight":"#ffc007","label":"14:17:29","value":1628079449},"vlan_id":0},{"alert_id":{"label":"<i class=\"fas fa-fw fa-life-ring\"></i> TCP SYN Scan","value":5},"alert_name":"<i class=\"fas fa-fw fa-life-ring\"></i> TCP SYN Scan","count":1,"description":"64.13.134.52 is under a SYN scan [1988 &gt; 256 SYN received]","duration":7,"family":"host","ip":{"label":"64.13.134.52","label_long":"64.13.134.52","reference":"<a href='/lua/host_details.lua?host=64.13.134.52' data-bs-toggle='tooltip' title=''><i class='fas fa-laptop'></i></a>","shown_label":"64.13.134.52","value":"64.13.134.52"},"is_attacker":"","is_client":"","is_server":"<i class=\"fas fa-long-arrow-alt-left\"></i>","is_victim":"<i class=\"fas fa-sad-tear\"></i>","link_to_past_flows":"/lua/pro/nindex_query.lua?epoch_begin=1628079299&epoch_end=1628079606&dst2src_tcp_flags=2;nin&srv_ip=64.13.134.52;eq&l4proto=TCP;eq&src2dst_tcp_flags=2;in","msg":{"configset_ref":" <a href=\"/lua/admin/edit_configset.lua?subdir=host&check=syn_scan#all\"><i class=\"fas fa-cog\" title=\"Edit Configuration\"></i></a>","description":"64.13.134.52 is under a SYN scan [1988 &gt; 256 SYN received]","fullname":"TCP SYN Scan","name":"TCP SYN Scan","value":5},"role":{"label":"Is Victim","value":"victim"},"role_cli_srv":{"label":"Server","value":"server"},"score":{"color":"#ffc007","label":"50","value":50},"script_key":"syn_scan","severity":{"color":"#ffc007","label":"<i class='fas fa-fw fa-exclamation-triangle text-warning' style='color: #ffc007!important' title='Warning'></i> ","value":4},"tstamp":{"highlight":"#ffc007","label":"14:17:29","value":1628079449},"vlan_id":0}]}}
