{"success":true}
{"rc":0,"rc_str":"OK","rc_str_hr":"Success","recordsFiltered":1,"recordsTotal":1,"rsp":{"records":[{"additional_alerts":"Remote to Remote [Score: 10]","alert_id":{"label":"<i class=\"fas fa-fw fa-exclamation\"></i> Too Long TLS Certificate…","value":"60"},"alert_name":"<i class=\"fas fa-fw fa-exclamation\"></i> Too Long TLS Certificate…","count":1,"description":"Too Long TLS Certificate Validity","duration":0,"family":"flow","flow":{"active_url":"/lua/flow_details.lua?flow_key=3573560583&flow_hash_id=0","cli_ip":{"label":"192.168.2.222","label_long":"192.168.2.222","reference":"<a href='/lua/host_details.lua?host=192.168.2.222' data-bs-toggle='tooltip' title=''><i class='fas fa-laptop'></i></a>","value":"192.168.2.222"},"cli_port":"40124","srv_ip":{"label":"wdcp.microsoft.com","label_long":"wdcp.microsoft.com","reference":"<a href='/lua/host_details.lua?host=20.86.186.134' data-bs-toggle='tooltip' title=''><i class='fas fa-laptop'></i></a>","value":"20.86.186.134"},"srv_port":"443"},"l7_proto":{"label":"TCP:TLS.Microsoft","value":"212"},"msg":{"configset_ref":" <a href=\"/lua/admin/edit_configset.lua?subdir=flow&check=ndpi_tls_cert_validity_too_long#all\"><i class=\"fas fa-cog\" title=\"Edit Configuration\"></i></a>","description":"Too Long TLS Certificate Validity","fullname":"Too Long TLS Certificate Validity","name":"Too Long TLS Certificate…","value":60},"proto":{"label":"TCP","value":"6"},"row_id":"1","score":{"color":"#ffc007","label":"60","value":60},"script_key":"ndpi_tls_cert_validity_too_long","severity":{"color":"#ffc007","label":"<i class='fas fa-fw fa-exclamation-triangle text-warning' style='color: #ffc007!important' title='Warning'></i> ","value":4},"tstamp":{"highlight":"#ffc007","label":"10:52:57","value":1628067177},"vlan_id":"0"}]}}
